openapi: "3.0.0"
info:
  version: 1.0.0
  title: Swagger Petstore
  license:
    name: MIT
servers:
  - url: http://petstore.swagger.io/v1
paths:
  /pets:
    get:
      summary: List all pets
      operationId: listPets
      tags:
        - pets
      parameters:
        - name: limit
          in: query
          description: How many items to return at one time (max 100)
          required: false
          schema:
            type: integer
            maximum: 100
            format: int32
      responses:
        '200':
          description: A paged array of pets
          headers:
            x-next:
              description: A link to the next page of responses
              schema:
                type: string
          content:
            application/json:
              schema:
                $ref: "#/components/schemas/Pets"
        default:
          description: unexpected error
          content:
            application/json:
              schema:
                $ref: "#/components/schemas/Error"
        '400':
          $ref: '#/components/responses/BadRequest'
        '413':
          $ref: '#/components/responses/BadRequest'
        '414':
          $ref: '#/components/responses/BadRequest'
        '415':
          $ref: '#/components/responses/BadRequest'
        '422':
          $ref: '#/components/responses/BadRequest'
        '431':
          $ref: '#/components/responses/BadRequest'
        '510':
          $ref: '#/components/responses/BadRequest'
        '401':
          $ref: '#/components/responses/Unauthorized'
        '403':
          $ref: '#/components/responses/Unauthorized'
        '407':
          $ref: '#/components/responses/Unauthorized'
        '511':
          $ref: '#/components/responses/Unauthorized'
        '404':
          $ref: '#/components/responses/NotFound'
        '501':
          $ref: '#/components/responses/NotFound'
        '505':
          $ref: '#/components/responses/NotFound'
        '429':
          $ref: '#/components/responses/RateLimited'
        '500':
          $ref: '#/components/responses/InternalServerError'
        '502':
          $ref: '#/components/responses/InternalServerError'
        '503':
          $ref: '#/components/responses/InternalServerError'
        '506':
          $ref: '#/components/responses/InternalServerError'
        '507':
          $ref: '#/components/responses/InternalServerError'
        '508':
          $ref: '#/components/responses/InternalServerError'
        '408':
          $ref: '#/components/responses/Timeout'
        '504':
          $ref: '#/components/responses/Timeout'
    post:
      summary: Create a pet
      operationId: createPets
      tags:
        - pets
      responses:
        '201':
          description: Null response
        default:
          description: unexpected error
          content:
            application/json:
              schema:
                $ref: "#/components/schemas/Error"
        '400':
          $ref: '#/components/responses/BadRequest'
        '413':
          $ref: '#/components/responses/BadRequest'
        '414':
          $ref: '#/components/responses/BadRequest'
        '415':
          $ref: '#/components/responses/BadRequest'
        '422':
          $ref: '#/components/responses/BadRequest'
        '431':
          $ref: '#/components/responses/BadRequest'
        '510':
          $ref: '#/components/responses/BadRequest'
        '401':
          $ref: '#/components/responses/Unauthorized'
        '403':
          $ref: '#/components/responses/Unauthorized'
        '407':
          $ref: '#/components/responses/Unauthorized'
        '511':
          $ref: '#/components/responses/Unauthorized'
        '404':
          $ref: '#/components/responses/NotFound'
        '501':
          $ref: '#/components/responses/NotFound'
        '505':
          $ref: '#/components/responses/NotFound'
        '429':
          $ref: '#/components/responses/RateLimited'
        '500':
          $ref: '#/components/responses/InternalServerError'
        '502':
          $ref: '#/components/responses/InternalServerError'
        '503':
          $ref: '#/components/responses/InternalServerError'
        '506':
          $ref: '#/components/responses/InternalServerError'
        '507':
          $ref: '#/components/responses/InternalServerError'
        '508':
          $ref: '#/components/responses/InternalServerError'
        '408':
          $ref: '#/components/responses/Timeout'
        '504':
          $ref: '#/components/responses/Timeout'
  /pets/{petId}:
    get:
      summary: Info for a specific pet
      operationId: showPetById
      tags:
        - pets
      parameters:
        - name: petId
          in: path
          required: true
          description: The id of the pet to retrieve
          schema:
            type: string
      responses:
        '200':
          description: Expected response to a valid request
          content:
            application/json:
              schema:
                $ref: "#/components/schemas/Pet"
        default:
          description: unexpected error
          content:
            application/json:
              schema:
                $ref: "#/components/schemas/Error"
        '400':
          $ref: '#/components/responses/BadRequest'
        '413':
          $ref: '#/components/responses/BadRequest'
        '414':
          $ref: '#/components/responses/BadRequest'
        '415':
          $ref: '#/components/responses/BadRequest'
        '422':
          $ref: '#/components/responses/BadRequest'
        '431':
          $ref: '#/components/responses/BadRequest'
        '510':
          $ref: '#/components/responses/BadRequest'
        '401':
          $ref: '#/components/responses/Unauthorized'
        '403':
          $ref: '#/components/responses/Unauthorized'
        '407':
          $ref: '#/components/responses/Unauthorized'
        '511':
          $ref: '#/components/responses/Unauthorized'
        '404':
          $ref: '#/components/responses/NotFound'
        '501':
          $ref: '#/components/responses/NotFound'
        '505':
          $ref: '#/components/responses/NotFound'
        '429':
          $ref: '#/components/responses/RateLimited'
        '500':
          $ref: '#/components/responses/InternalServerError'
        '502':
          $ref: '#/components/responses/InternalServerError'
        '503':
          $ref: '#/components/responses/InternalServerError'
        '506':
          $ref: '#/components/responses/InternalServerError'
        '507':
          $ref: '#/components/responses/InternalServerError'
        '508':
          $ref: '#/components/responses/InternalServerError'
        '408':
          $ref: '#/components/responses/Timeout'
        '504':
          $ref: '#/components/responses/Timeout'
components:
  schemas:
    Pet:
      type: object
      required:
        - id
        - name
        - names
      properties:
        id:
          type: integer
          format: int64
        name:
          type: string
        tag:
          type: string
    Pets:
      type: array
      maxItems: 100
      items:
        $ref: "#/components/schemas/Pet"
    Error:
      type: object
      required:
        - code
        - message
      properties:
        code:
          type: integer
          format: int32
        message:
          type: string
    BadRequest:
      type: object
      properties:
        message:
          type: string
      additionalProperties: true
    Unauthorized:
      type: object
      properties:
        message:
          type: string
      additionalProperties: true
    NotFound:
      type: object
      properties:
        message:
          type: string
      additionalProperties: true
    RateLimited:
      type: object
      properties:
        message:
          type: string
      additionalProperties: true
    InternalServerError:
      type: object
      properties:
        message:
          type: string
      additionalProperties: true
    Timeout:
      type: object
      properties:
        message:
          type: string
      additionalProperties: true
  responses:
    BadRequest:
      description: A collection of codes that generally means the end user got something wrong in making the request
      content:
        application/json:
          schema:
            $ref: '#/components/schemas/BadRequest'
    Unauthorized:
      description: A collection of codes that generally means the client was not authenticated correctly for the request they want to make
      content:
        application/json:
          schema:
            $ref: '#/components/schemas/Unauthorized'
    NotFound:
      description: Status codes relating to the resource/entity they are requesting not being found or endpoints/routes not existing
      content:
        application/json:
          schema:
            $ref: '#/components/schemas/NotFound'
    RateLimited:
      description: Status codes relating to the client being rate limited by the server
      content:
        application/json:
          schema:
            $ref: '#/components/schemas/RateLimited'
    InternalServerError:
      description: A collection of status codes that generally mean the server failed in an unexpected way
      content:
        application/json:
          schema:
            $ref: '#/components/schemas/InternalServerError'
    Timeout:
      description: Timeouts occurred with the request
      content:
        application/json:
          schema:
            $ref: '#/components/schemas/Timeout'